fractaled@Stephens-MBP rubyconftw % hey -c 1 -z 10s -m POST https://ymnr8.hatchboxapp.com/benchmarking/write_heavy

Summary:
  Total:	10.0234 secs
  Slowest:	1.4971 secs
  Fastest:	0.0303 secs
  Average:	0.0686 secs
  Requests/sec:	14.5658


Response time histogram:
  0.030 [1]	|
  0.177 [141]	|■■■■■■■■■■■■■■■■■■■■■■■■■■■■■■■■■■■■■■■■
  0.324 [3]	|■
  0.470 [0]	|
  0.617 [0]	|
  0.764 [0]	|
  0.910 [0]	|
  1.057 [0]	|
  1.204 [0]	|
  1.350 [0]	|
  1.497 [1]	|


Latency distribution:
  10% in 0.0325 secs
  25% in 0.0341 secs
  50% in 0.0368 secs
  75% in 0.0531 secs
  90% in 0.1489 secs
  95% in 0.1683 secs
  99% in 1.4971 secs

Details (average, fastest, slowest):
  DNS+dialup:	0.0008 secs, 0.0303 secs, 1.4971 secs
  DNS-lookup:	0.0005 secs, 0.0000 secs, 0.0755 secs
  req write:	0.0000 secs, 0.0000 secs, 0.0002 secs
  resp wait:	0.0675 secs, 0.0302 secs, 1.4968 secs
  resp read:	0.0002 secs, 0.0000 secs, 0.0058 secs

Status code distribution:
  [200]	31 responses
  [201]	83 responses
  [204]	32 responses



fractaled@Stephens-MBP rubyconftw % hey -c 2 -z 10s -m POST https://ymnr8.hatchboxapp.com/benchmarking/write_heavy

Summary:
  Total:	10.1560 secs
  Slowest:	0.5431 secs
  Fastest:	0.0299 secs
  Average:	0.0815 secs
  Requests/sec:	24.5174


Response time histogram:
  0.030 [1]	|
  0.081 [177]	|■■■■■■■■■■■■■■■■■■■■■■■■■■■■■■■■■■■■■■■■
  0.133 [9]	|■■
  0.184 [48]	|■■■■■■■■■■■
  0.235 [6]	|■
  0.287 [0]	|
  0.338 [4]	|■
  0.389 [3]	|■
  0.440 [0]	|
  0.492 [0]	|
  0.543 [1]	|


Latency distribution:
  10% in 0.0345 secs
  25% in 0.0381 secs
  50% in 0.0440 secs
  75% in 0.1328 secs
  90% in 0.1713 secs
  95% in 0.2008 secs
  99% in 0.3812 secs

Details (average, fastest, slowest):
  DNS+dialup:	0.0004 secs, 0.0299 secs, 0.5431 secs
  DNS-lookup:	0.0000 secs, 0.0000 secs, 0.0035 secs
  req write:	0.0000 secs, 0.0000 secs, 0.0003 secs
  resp wait:	0.0806 secs, 0.0298 secs, 0.5419 secs
  resp read:	0.0004 secs, 0.0000 secs, 0.0220 secs

Status code distribution:
  [200]	62 responses
  [201]	119 responses
  [204]	68 responses



fractaled@Stephens-MBP rubyconftw % hey -c 4 -z 10s -m POST https://ymnr8.hatchboxapp.com/benchmarking/write_heavy

Summary:
  Total:	10.0999 secs
  Slowest:	0.6779 secs
  Fastest:	0.0347 secs
  Average:	0.1497 secs
  Requests/sec:	26.6339


Response time histogram:
  0.035 [1]	|
  0.099 [120]	|■■■■■■■■■■■■■■■■■■■■■■■■■■■■■■■■■■■■■■■■
  0.163 [33]	|■■■■■■■■■■■
  0.228 [61]	|■■■■■■■■■■■■■■■■■■■■
  0.292 [21]	|■■■■■■■
  0.356 [19]	|■■■■■■
  0.421 [9]	|■■■
  0.485 [4]	|■
  0.549 [0]	|
  0.614 [0]	|
  0.678 [1]	|


Latency distribution:
  10% in 0.0474 secs
  25% in 0.0560 secs
  50% in 0.1304 secs
  75% in 0.2006 secs
  90% in 0.3169 secs
  95% in 0.3574 secs
  99% in 0.4510 secs

Details (average, fastest, slowest):
  DNS+dialup:	0.0018 secs, 0.0347 secs, 0.6779 secs
  DNS-lookup:	0.0012 secs, 0.0000 secs, 0.0788 secs
  req write:	0.0000 secs, 0.0000 secs, 0.0005 secs
  resp wait:	0.1465 secs, 0.0346 secs, 0.4506 secs
  resp read:	0.0013 secs, 0.0000 secs, 0.2425 secs

Status code distribution:
  [200]	72 responses
  [201]	137 responses
  [204]	60 responses



fractaled@Stephens-MBP rubyconftw % hey -c 8 -z 10s -m POST https://ymnr8.hatchboxapp.com/benchmarking/write_heavy

Summary:
  Total:	10.4224 secs
  Slowest:	1.9780 secs
  Fastest:	0.0417 secs
  Average:	0.2648 secs
  Requests/sec:	29.6476


Response time histogram:
  0.042 [1]	|
  0.235 [214]	|■■■■■■■■■■■■■■■■■■■■■■■■■■■■■■■■■■■■■■■■
  0.429 [53]	|■■■■■■■■■■
  0.623 [14]	|■■■
  0.816 [7]	|■
  1.010 [3]	|■
  1.203 [5]	|■
  1.397 [2]	|
  1.591 [4]	|■
  1.784 [2]	|
  1.978 [4]	|■


Latency distribution:
  10% in 0.0626 secs
  25% in 0.0807 secs
  50% in 0.1669 secs
  75% in 0.2697 secs
  90% in 0.5998 secs
  95% in 1.0762 secs
  99% in 1.8635 secs

Details (average, fastest, slowest):
  DNS+dialup:	0.0011 secs, 0.0417 secs, 1.9780 secs
  DNS-lookup:	0.0000 secs, 0.0000 secs, 0.0016 secs
  req write:	0.0000 secs, 0.0000 secs, 0.0002 secs
  resp wait:	0.2633 secs, 0.0416 secs, 1.9772 secs
  resp read:	0.0002 secs, 0.0000 secs, 0.0100 secs

Status code distribution:
  [200]	79 responses
  [201]	151 responses
  [204]	79 responses



fractaled@Stephens-MBP rubyconftw % hey -c 16 -z 10s -m POST https://ymnr8.hatchboxapp.com/benchmarking/write_heavy

Summary:
  Total:	11.7515 secs
  Slowest:	4.6428 secs
  Fastest:	0.0440 secs
  Average:	0.5047 secs
  Requests/sec:	28.1667


Response time histogram:
  0.044 [1]	|
  0.504 [284]	|■■■■■■■■■■■■■■■■■■■■■■■■■■■■■■■■■■■■■■■■
  0.964 [3]	|
  1.424 [3]	|
  1.884 [4]	|■
  2.343 [7]	|■
  2.803 [3]	|
  3.263 [9]	|■
  3.723 [13]	|■■
  4.183 [1]	|
  4.643 [3]	|


Latency distribution:
  10% in 0.0635 secs
  25% in 0.0768 secs
  50% in 0.1391 secs
  75% in 0.2623 secs
  90% in 2.2584 secs
  95% in 3.2842 secs
  99% in 4.2160 secs

Details (average, fastest, slowest):
  DNS+dialup:	0.0048 secs, 0.0440 secs, 4.6428 secs
  DNS-lookup:	0.0022 secs, 0.0000 secs, 0.0471 secs
  req write:	0.0000 secs, 0.0000 secs, 0.0017 secs
  resp wait:	0.4996 secs, 0.0438 secs, 4.6426 secs
  resp read:	0.0002 secs, 0.0000 secs, 0.0102 secs

Status code distribution:
  [200]	65 responses
  [201]	177 responses
  [204]	89 responses



fractaled@Stephens-MBP rubyconftw % hey -c 32 -z 10s -m POST https://ymnr8.hatchboxapp.com/benchmarking/write_heavy

Summary:
  Total:	12.1703 secs
  Slowest:	9.5404 secs
  Fastest:	0.0446 secs
  Average:	1.0736 secs
  Requests/sec:	27.3617


Response time histogram:
  0.045 [1]	|
  0.994 [278]	|■■■■■■■■■■■■■■■■■■■■■■■■■■■■■■■■■■■■■■■■
  1.944 [5]	|■
  2.893 [4]	|■
  3.843 [4]	|■
  4.792 [8]	|■
  5.742 [4]	|■
  6.692 [7]	|■
  7.641 [8]	|■
  8.591 [5]	|■
  9.540 [9]	|■


Latency distribution:
  10% in 0.0642 secs
  25% in 0.0824 secs
  50% in 0.1757 secs
  75% in 0.3426 secs
  90% in 5.1374 secs
  95% in 7.2340 secs
  99% in 9.2076 secs

Details (average, fastest, slowest):
  DNS+dialup:	0.0066 secs, 0.0446 secs, 9.5404 secs
  DNS-lookup:	0.0002 secs, 0.0000 secs, 0.0027 secs
  req write:	0.0000 secs, 0.0000 secs, 0.0002 secs
  resp wait:	1.0667 secs, 0.0445 secs, 9.5402 secs
  resp read:	0.0003 secs, 0.0000 secs, 0.0078 secs

Status code distribution:
  [200]	78 responses
  [201]	178 responses
  [204]	77 responses



fractaled@Stephens-MBP rubyconftw % hey -c 64 -z 10s -m POST https://ymnr8.hatchboxapp.com/benchmarking/write_heavy

Summary:
  Total:	12.7228 secs
  Slowest:	12.2801 secs
  Fastest:	0.0400 secs
  Average:	2.5914 secs
  Requests/sec:	22.4793


Response time histogram:
  0.040 [1]	|
  1.264 [206]	|■■■■■■■■■■■■■■■■■■■■■■■■■■■■■■■■■■■■■■■■
  2.488 [0]	|
  3.712 [7]	|■
  4.936 [6]	|■
  6.160 [7]	|■
  7.384 [4]	|■
  8.608 [6]	|■
  9.832 [9]	|■■
  11.056 [16]	|■■■
  12.280 [24]	|■■■■■


Latency distribution:
  10% in 0.0664 secs
  25% in 0.1228 secs
  50% in 0.2900 secs
  75% in 3.8365 secs
  90% in 10.8285 secs
  95% in 11.7481 secs
  99% in 12.0901 secs

Details (average, fastest, slowest):
  DNS+dialup:	0.0267 secs, 0.0400 secs, 12.2801 secs
  DNS-lookup:	0.0098 secs, 0.0000 secs, 0.0447 secs
  req write:	0.0000 secs, 0.0000 secs, 0.0003 secs
  resp wait:	2.5644 secs, 0.0398 secs, 12.1450 secs
  resp read:	0.0003 secs, 0.0000 secs, 0.0108 secs

Status code distribution:
  [200]	74 responses
  [201]	149 responses
  [204]	63 responses



fractaled@Stephens-MBP rubyconftw % hey -c 128 -z 10s -m POST https://ymnr8.hatchboxapp.com/benchmarking/write_heavy

Summary:
  Total:	14.9624 secs
  Slowest:	14.3043 secs
  Fastest:	0.0434 secs
  Average:	4.0942 secs
  Requests/sec:	26.9341


Response time histogram:
  0.043 [1]	|
  1.469 [254]	|■■■■■■■■■■■■■■■■■■■■■■■■■■■■■■■■■■■■■■■■
  2.896 [5]	|■
  4.322 [4]	|■
  5.748 [8]	|■
  7.174 [7]	|■
  8.600 [9]	|■
  10.026 [8]	|■
  11.452 [27]	|■■■■
  12.878 [39]	|■■■■■■
  14.304 [41]	|■■■■■■


Latency distribution:
  10% in 0.0732 secs
  25% in 0.1219 secs
  50% in 0.2704 secs
  75% in 10.6711 secs
  90% in 12.9876 secs
  95% in 13.9176 secs
  99% in 14.2631 secs

Details (average, fastest, slowest):
  DNS+dialup:	0.0323 secs, 0.0434 secs, 14.3043 secs
  DNS-lookup:	0.0012 secs, 0.0000 secs, 0.0060 secs
  req write:	0.0000 secs, 0.0000 secs, 0.0050 secs
  resp wait:	4.0614 secs, 0.0433 secs, 14.1604 secs
  resp read:	0.0003 secs, 0.0000 secs, 0.0120 secs

Status code distribution:
  [200]	96 responses
  [201]	200 responses
  [204]	107 responses



fractaled@Stephens-MBP rubyconftw % hey -c 256 -z 10s -m POST https://ymnr8.hatchboxapp.com/benchmarking/write_heavy

Summary:
  Total:	19.6964 secs
  Slowest:	19.1781 secs
  Fastest:	0.0396 secs
  Average:	8.1289 secs
  Requests/sec:	24.3192


Response time histogram:
  0.040 [1]	|
  1.953 [207]	|■■■■■■■■■■■■■■■■■■■■■■■■■■■■■■■■■■■■■■■■
  3.867 [7]	|■
  5.781 [6]	|■
  7.695 [3]	|■
  9.609 [4]	|■
  11.523 [31]	|■■■■■■
  13.437 [50]	|■■■■■■■■■■
  15.350 [47]	|■■■■■■■■■
  17.264 [62]	|■■■■■■■■■■■■
  19.178 [61]	|■■■■■■■■■■■■


Latency distribution:
  10% in 0.0844 secs
  25% in 0.2006 secs
  50% in 10.5826 secs
  75% in 15.5704 secs
  90% in 17.6252 secs
  95% in 18.3316 secs
  99% in 18.9984 secs

Details (average, fastest, slowest):
  DNS+dialup:	0.1360 secs, 0.0396 secs, 19.1781 secs
  DNS-lookup:	0.0271 secs, 0.0000 secs, 0.0605 secs
  req write:	0.0000 secs, 0.0000 secs, 0.0003 secs
  resp wait:	7.9915 secs, 0.0395 secs, 18.7407 secs
  resp read:	0.0006 secs, 0.0000 secs, 0.0306 secs

Status code distribution:
  [200]	127 responses
  [201]	235 responses
  [204]	117 responses



fractaled@Stephens-MBP rubyconftw % hey -c 256 -z 10s -m POST https://ymnr8.hatchboxapp.com/benchmarking/write_heavy

Summary:
  Total:	22.2403 secs
  Slowest:	19.8593 secs
  Fastest:	0.0393 secs
  Average:	2.2956 secs
  Requests/sec:	24.7299


Response time histogram:
  0.039 [1]	|
  2.021 [269]	|■■■■■■■■■■■■■■■■■■■■■■■■■■■■■■■■■■■■■■■■
  4.003 [5]	|■
  5.985 [8]	|■
  7.967 [7]	|■
  9.949 [4]	|■
  11.931 [5]	|■
  13.913 [4]	|■
  15.895 [9]	|■
  17.877 [8]	|■
  19.859 [10]	|■


Latency distribution:
  10% in 0.0642 secs
  25% in 0.0854 secs
  50% in 0.1834 secs
  75% in 0.3900 secs
  90% in 10.1443 secs
  95% in 16.5937 secs
  99% in 19.5196 secs

Details (average, fastest, slowest):
  DNS+dialup:	0.0222 secs, 0.0393 secs, 19.8593 secs
  DNS-lookup:	0.0007 secs, 0.0000 secs, 0.0126 secs
  req write:	0.0000 secs, 0.0000 secs, 0.0006 secs
  resp wait:	2.2705 secs, 0.0388 secs, 19.6384 secs
  resp read:	0.0002 secs, 0.0000 secs, 0.0092 secs

Status code distribution:
  [200]	88 responses
  [201]	141 responses
  [204]	99 responses
  [500]	2 responses

Error distribution:
  [220]	Post "https://ymnr8.hatchboxapp.com/benchmarking/write_heavy": context deadline exceeded (Client.Timeout exceeded while awaiting headers)

fractaled@Stephens-MBP rubyconftw % hey -c 128 -z 10s -m POST https://ymnr8.hatchboxapp.com/benchmarking/write_heavy

Summary:
  Total:	18.2992 secs
  Slowest:	17.6161 secs
  Fastest:	0.0366 secs
  Average:	5.2737 secs
  Requests/sec:	20.2741


Response time histogram:
  0.037 [1]	|
  1.795 [214]	|■■■■■■■■■■■■■■■■■■■■■■■■■■■■■■■■■■■■■■■■
  3.552 [8]	|■
  5.310 [24]	|■■■■
  7.068 [11]	|■■
  8.826 [3]	|■
  10.584 [4]	|■
  12.342 [3]	|■
  14.100 [20]	|■■■■
  15.858 [36]	|■■■■■■■
  17.616 [47]	|■■■■■■■■■


Latency distribution:
  10% in 0.0901 secs
  25% in 0.1648 secs
  50% in 0.5107 secs
  75% in 13.3861 secs
  90% in 16.1698 secs
  95% in 16.9081 secs
  99% in 17.5768 secs

Details (average, fastest, slowest):
  DNS+dialup:	0.0416 secs, 0.0366 secs, 17.6161 secs
  DNS-lookup:	0.0151 secs, 0.0000 secs, 0.0482 secs
  req write:	0.0000 secs, 0.0000 secs, 0.0006 secs
  resp wait:	5.2278 secs, 0.0365 secs, 17.4738 secs
  resp read:	0.0010 secs, 0.0000 secs, 0.2381 secs

Status code distribution:
  [200]	103 responses
  [201]	176 responses
  [204]	92 responses



fractaled@Stephens-MBP rubyconftw % hey -c 64 -z 10s -m POST https://ymnr8.hatchboxapp.com/benchmarking/write_heavy

Summary:
  Total:	13.0146 secs
  Slowest:	12.1167 secs
  Fastest:	0.0354 secs
  Average:	1.9649 secs
  Requests/sec:	29.5821


Response time histogram:
  0.035 [1]	|
  1.244 [294]	|■■■■■■■■■■■■■■■■■■■■■■■■■■■■■■■■■■■■■■■■
  2.452 [5]	|■
  3.660 [8]	|■
  4.868 [7]	|■
  6.076 [8]	|■
  7.284 [8]	|■
  8.492 [11]	|■
  9.700 [7]	|■
  10.909 [18]	|■■
  12.117 [18]	|■■


Latency distribution:
  10% in 0.0660 secs
  25% in 0.0830 secs
  50% in 0.1796 secs
  75% in 0.5232 secs
  90% in 9.3951 secs
  95% in 10.8909 secs
  99% in 11.9681 secs

Details (average, fastest, slowest):
  DNS+dialup:	0.0105 secs, 0.0354 secs, 12.1167 secs
  DNS-lookup:	0.0006 secs, 0.0000 secs, 0.0053 secs
  req write:	0.0000 secs, 0.0000 secs, 0.0004 secs
  resp wait:	1.9539 secs, 0.0353 secs, 12.1095 secs
  resp read:	0.0004 secs, 0.0000 secs, 0.0105 secs

Status code distribution:
  [200]	87 responses
  [201]	207 responses
  [204]	91 responses



fractaled@Stephens-MBP rubyconftw % hey -c 32 -z 10s -m POST https://ymnr8.hatchboxapp.com/benchmarking/write_heavy

Summary:
  Total:	12.2611 secs
  Slowest:	11.0196 secs
  Fastest:	0.0383 secs
  Average:	1.2295 secs
  Requests/sec:	23.7336


Response time histogram:
  0.038 [1]	|
  1.136 [239]	|■■■■■■■■■■■■■■■■■■■■■■■■■■■■■■■■■■■■■■■■
  2.235 [1]	|
  3.333 [10]	|■■
  4.431 [7]	|■
  5.529 [6]	|■
  6.627 [3]	|■
  7.725 [8]	|■
  8.823 [8]	|■
  9.921 [5]	|■
  11.020 [3]	|■


Latency distribution:
  10% in 0.0679 secs
  25% in 0.1188 secs
  50% in 0.1990 secs
  75% in 0.4208 secs
  90% in 5.1928 secs
  95% in 8.1050 secs
  99% in 10.5085 secs

Details (average, fastest, slowest):
  DNS+dialup:	0.0113 secs, 0.0383 secs, 11.0196 secs
  DNS-lookup:	0.0052 secs, 0.0000 secs, 0.0479 secs
  req write:	0.0000 secs, 0.0000 secs, 0.0011 secs
  resp wait:	1.2178 secs, 0.0381 secs, 10.9074 secs
  resp read:	0.0003 secs, 0.0000 secs, 0.0204 secs

Status code distribution:
  [200]	89 responses
  [201]	144 responses
  [204]	58 responses



fractaled@Stephens-MBP rubyconftw % hey -c 16 -z 10s -m POST https://ymnr8.hatchboxapp.com/benchmarking/write_heavy

Summary:
  Total:	11.5430 secs
  Slowest:	9.1010 secs
  Fastest:	0.0464 secs
  Average:	1.1075 secs
  Requests/sec:	13.8612


Response time histogram:
  0.046 [1]	|
  0.952 [131]	|■■■■■■■■■■■■■■■■■■■■■■■■■■■■■■■■■■■■■■■■
  1.857 [1]	|
  2.763 [2]	|■
  3.668 [2]	|■
  4.574 [4]	|■
  5.479 [8]	|■■
  6.385 [2]	|■
  7.290 [4]	|■
  8.196 [2]	|■
  9.101 [3]	|■


Latency distribution:
  10% in 0.0652 secs
  25% in 0.0892 secs
  50% in 0.2002 secs
  75% in 0.4414 secs
  90% in 5.2034 secs
  95% in 6.9536 secs
  99% in 9.1010 secs

Details (average, fastest, slowest):
  DNS+dialup:	0.0053 secs, 0.0464 secs, 9.1010 secs
  DNS-lookup:	0.0003 secs, 0.0000 secs, 0.0031 secs
  req write:	0.0000 secs, 0.0000 secs, 0.0006 secs
  resp wait:	1.1017 secs, 0.0463 secs, 9.1006 secs
  resp read:	0.0004 secs, 0.0000 secs, 0.0154 secs

Status code distribution:
  [200]	35 responses
  [201]	95 responses
  [204]	29 responses
  [500]	1 responses



fractaled@Stephens-MBP rubyconftw % hey -c 8 -z 10s -m POST https://ymnr8.hatchboxapp.com/benchmarking/write_heavy

Summary:
  Total:	10.4171 secs
  Slowest:	2.0191 secs
  Fastest:	0.0392 secs
  Average:	0.2973 secs
  Requests/sec:	26.4948


Response time histogram:
  0.039 [1]	|
  0.237 [181]	|■■■■■■■■■■■■■■■■■■■■■■■■■■■■■■■■■■■■■■■■
  0.435 [50]	|■■■■■■■■■■■
  0.633 [15]	|■■■
  0.831 [7]	|■■
  1.029 [6]	|■
  1.227 [3]	|■
  1.425 [4]	|■
  1.623 [1]	|
  1.821 [7]	|■■
  2.019 [1]	|


Latency distribution:
  10% in 0.0641 secs
  25% in 0.0847 secs
  50% in 0.1766 secs
  75% in 0.3201 secs
  90% in 0.7192 secs
  95% in 1.2726 secs
  99% in 1.8100 secs

Details (average, fastest, slowest):
  DNS+dialup:	0.0017 secs, 0.0392 secs, 2.0191 secs
  DNS-lookup:	0.0003 secs, 0.0000 secs, 0.0121 secs
  req write:	0.0000 secs, 0.0000 secs, 0.0003 secs
  resp wait:	0.2952 secs, 0.0391 secs, 1.9608 secs
  resp read:	0.0002 secs, 0.0000 secs, 0.0119 secs

Status code distribution:
  [200]	65 responses
  [201]	142 responses
  [204]	69 responses



fractaled@Stephens-MBP rubyconftw % hey -c 4 -z 10s -m POST https://ymnr8.hatchboxapp.com/benchmarking/write_heavy

Summary:
  Total:	10.1130 secs
  Slowest:	1.2072 secs
  Fastest:	0.0339 secs
  Average:	0.1595 secs
  Requests/sec:	25.0172


Response time histogram:
  0.034 [1]	|
  0.151 [153]	|■■■■■■■■■■■■■■■■■■■■■■■■■■■■■■■■■■■■■■■■
  0.269 [65]	|■■■■■■■■■■■■■■■■■
  0.386 [15]	|■■■■
  0.503 [10]	|■■■
  0.621 [3]	|■
  0.738 [3]	|■
  0.855 [0]	|
  0.973 [0]	|
  1.090 [0]	|
  1.207 [3]	|■


Latency distribution:
  10% in 0.0492 secs
  25% in 0.0599 secs
  50% in 0.0942 secs
  75% in 0.1992 secs
  90% in 0.3065 secs
  95% in 0.4466 secs
  99% in 1.2001 secs

Details (average, fastest, slowest):
  DNS+dialup:	0.0006 secs, 0.0339 secs, 1.2072 secs
  DNS-lookup:	0.0000 secs, 0.0000 secs, 0.0019 secs
  req write:	0.0000 secs, 0.0000 secs, 0.0002 secs
  resp wait:	0.1585 secs, 0.0337 secs, 1.2070 secs
  resp read:	0.0003 secs, 0.0000 secs, 0.0185 secs

Status code distribution:
  [200]	65 responses
  [201]	129 responses
  [204]	59 responses



fractaled@Stephens-MBP rubyconftw % hey -c 2 -z 10s -m POST https://ymnr8.hatchboxapp.com/benchmarking/write_heavy

Summary:
  Total:	10.0821 secs
  Slowest:	0.4371 secs
  Fastest:	0.0310 secs
  Average:	0.0822 secs
  Requests/sec:	24.3005


Response time histogram:
  0.031 [1]	|
  0.072 [173]	|■■■■■■■■■■■■■■■■■■■■■■■■■■■■■■■■■■■■■■■■
  0.112 [9]	|■■
  0.153 [19]	|■■■■
  0.193 [18]	|■■■■
  0.234 [12]	|■■■
  0.275 [6]	|■
  0.315 [5]	|■
  0.356 [0]	|
  0.397 [0]	|
  0.437 [2]	|


Latency distribution:
  10% in 0.0343 secs
  25% in 0.0380 secs
  50% in 0.0434 secs
  75% in 0.1192 secs
  90% in 0.1956 secs
  95% in 0.2424 secs
  99% in 0.4078 secs

Details (average, fastest, slowest):
  DNS+dialup:	0.0003 secs, 0.0310 secs, 0.4371 secs
  DNS-lookup:	0.0000 secs, 0.0000 secs, 0.0022 secs
  req write:	0.0000 secs, 0.0000 secs, 0.0020 secs
  resp wait:	0.0816 secs, 0.0309 secs, 0.4364 secs
  resp read:	0.0002 secs, 0.0000 secs, 0.0064 secs

Status code distribution:
  [200]	61 responses
  [201]	119 responses
  [204]	65 responses



fractaled@Stephens-MBP rubyconftw % hey -c 1 -z 10s -m POST https://ymnr8.hatchboxapp.com/benchmarking/write_heavy

Summary:
  Total:	10.0144 secs
  Slowest:	0.2150 secs
  Fastest:	0.0301 secs
  Average:	0.0579 secs
  Requests/sec:	17.2752


Response time histogram:
  0.030 [1]	|
  0.049 [130]	|■■■■■■■■■■■■■■■■■■■■■■■■■■■■■■■■■■■■■■■■
  0.067 [6]	|■■
  0.086 [1]	|
  0.104 [0]	|
  0.123 [4]	|■
  0.141 [20]	|■■■■■■
  0.160 [8]	|■■
  0.178 [1]	|
  0.196 [1]	|
  0.215 [1]	|


Latency distribution:
  10% in 0.0324 secs
  25% in 0.0342 secs
  50% in 0.0380 secs
  75% in 0.0478 secs
  90% in 0.1374 secs
  95% in 0.1454 secs
  99% in 0.2150 secs

Details (average, fastest, slowest):
  DNS+dialup:	0.0007 secs, 0.0301 secs, 0.2150 secs
  DNS-lookup:	0.0004 secs, 0.0000 secs, 0.0614 secs
  req write:	0.0000 secs, 0.0000 secs, 0.0001 secs
  resp wait:	0.0569 secs, 0.0299 secs, 0.2145 secs
  resp read:	0.0002 secs, 0.0000 secs, 0.0035 secs

Status code distribution:
  [200]	57 responses
  [201]	81 responses
  [204]	35 responses



fractaled@Stephens-MBP rubyconftw %
