fractaled@Stephens-MacBook-Pro rubyconftw % hey -c 1 -z 10s -m POST https://demo.sqliteonrails.com/benchmarking/balanced

Summary:
  Total:	10.3687 secs
  Slowest:	1.1324 secs
  Fastest:	0.2447 secs
  Average:	0.3987 secs
  Requests/sec:	2.5075


Response time histogram:
  0.245 [1]	|■■■
  0.333 [16]	|■■■■■■■■■■■■■■■■■■■■■■■■■■■■■■■■■■■■■■■■
  0.422 [2]	|■■■■■
  0.511 [0]	|
  0.600 [3]	|■■■■■■■■
  0.689 [0]	|
  0.777 [2]	|■■■■■
  0.866 [0]	|
  0.955 [0]	|
  1.044 [0]	|
  1.132 [2]	|■■■■■


Latency distribution:
  10% in 0.2480 secs
  25% in 0.2526 secs
  50% in 0.2630 secs
  75% in 0.5497 secs
  90% in 1.0472 secs
  95% in 1.1324 secs
  0% in 0.0000 secs

Details (average, fastest, slowest):
  DNS+dialup:	0.0178 secs, 0.2447 secs, 1.1324 secs
  DNS-lookup:	0.0001 secs, 0.0000 secs, 0.0014 secs
  req write:	0.0001 secs, 0.0000 secs, 0.0002 secs
  resp wait:	0.3719 secs, 0.2443 secs, 1.0465 secs
  resp read:	0.0089 secs, 0.0001 secs, 0.2236 secs

Status code distribution:
  [200]	15 responses
  [201]	6 responses
  [204]	5 responses



fractaled@Stephens-MacBook-Pro rubyconftw % hey -c 2 -z 10s -m POST https://demo.sqliteonrails.com/benchmarking/balanced

Summary:
  Total:	10.0875 secs
  Slowest:	1.4943 secs
  Fastest:	0.2395 secs
  Average:	0.4920 secs
  Requests/sec:	4.0644


Response time histogram:
  0.239 [1]	|■■
  0.365 [23]	|■■■■■■■■■■■■■■■■■■■■■■■■■■■■■■■■■■■■■■■■
  0.490 [5]	|■■■■■■■■■
  0.616 [2]	|■■■
  0.741 [3]	|■■■■■
  0.867 [1]	|■■
  0.992 [0]	|
  1.118 [2]	|■■■
  1.243 [2]	|■■■
  1.369 [0]	|
  1.494 [2]	|■■■


Latency distribution:
  10% in 0.2602 secs
  25% in 0.2902 secs
  50% in 0.3554 secs
  75% in 0.6293 secs
  90% in 1.1216 secs
  95% in 1.3846 secs
  0% in 0.0000 secs

Details (average, fastest, slowest):
  DNS+dialup:	0.0219 secs, 0.2395 secs, 1.4943 secs
  DNS-lookup:	0.0001 secs, 0.0000 secs, 0.0013 secs
  req write:	0.0001 secs, 0.0000 secs, 0.0002 secs
  resp wait:	0.4693 secs, 0.2391 secs, 1.4937 secs
  resp read:	0.0007 secs, 0.0000 secs, 0.0059 secs

Status code distribution:
  [200]	22 responses
  [201]	14 responses
  [204]	5 responses



fractaled@Stephens-MacBook-Pro rubyconftw % hey -c 4 -z 10s -m POST https://demo.sqliteonrails.com/benchmarking/balanced

Summary:
  Total:	10.0640 secs
  Slowest:	1.3219 secs
  Fastest:	0.2359 secs
  Average:	0.3494 secs
  Requests/sec:	11.4268


Response time histogram:
  0.236 [1]	|■
  0.345 [76]	|■■■■■■■■■■■■■■■■■■■■■■■■■■■■■■■■■■■■■■■■
  0.453 [26]	|■■■■■■■■■■■■■■
  0.562 [4]	|■■
  0.670 [2]	|■
  0.779 [2]	|■
  0.888 [0]	|
  0.996 [1]	|■
  1.105 [0]	|
  1.213 [0]	|
  1.322 [3]	|■■


Latency distribution:
  10% in 0.2425 secs
  25% in 0.2521 secs
  50% in 0.2800 secs
  75% in 0.3882 secs
  90% in 0.4797 secs
  95% in 0.7236 secs
  99% in 1.3219 secs

Details (average, fastest, slowest):
  DNS+dialup:	0.0181 secs, 0.2359 secs, 1.3219 secs
  DNS-lookup:	0.0084 secs, 0.0000 secs, 0.2409 secs
  req write:	0.0000 secs, 0.0000 secs, 0.0002 secs
  resp wait:	0.3222 secs, 0.2358 secs, 0.7233 secs
  resp read:	0.0004 secs, 0.0000 secs, 0.0053 secs

Status code distribution:
  [200]	56 responses
  [201]	31 responses
  [204]	28 responses



fractaled@Stephens-MacBook-Pro rubyconftw % hey -c 8 -z 10s -m POST https://demo.sqliteonrails.com/benchmarking/balanced

Summary:
  Total:	10.2920 secs
  Slowest:	1.3727 secs
  Fastest:	0.2411 secs
  Average:	0.5128 secs
  Requests/sec:	15.3517


Response time histogram:
  0.241 [1]	|■
  0.354 [56]	|■■■■■■■■■■■■■■■■■■■■■■■■■■■■■■■■■■■■■■■■
  0.467 [28]	|■■■■■■■■■■■■■■■■■■■■
  0.581 [23]	|■■■■■■■■■■■■■■■■
  0.694 [16]	|■■■■■■■■■■■
  0.807 [16]	|■■■■■■■■■■■
  0.920 [4]	|■■■
  1.033 [2]	|■
  1.146 [8]	|■■■■■■
  1.260 [1]	|■
  1.373 [3]	|■■


Latency distribution:
  10% in 0.2563 secs
  25% in 0.2979 secs
  50% in 0.4473 secs
  75% in 0.6576 secs
  90% in 0.9184 secs
  95% in 1.0825 secs
  99% in 1.3727 secs

Details (average, fastest, slowest):
  DNS+dialup:	0.0307 secs, 0.2411 secs, 1.3727 secs
  DNS-lookup:	0.0001 secs, 0.0000 secs, 0.0021 secs
  req write:	0.0000 secs, 0.0000 secs, 0.0002 secs
  resp wait:	0.4810 secs, 0.2409 secs, 1.3724 secs
  resp read:	0.0011 secs, 0.0000 secs, 0.0957 secs

Status code distribution:
  [200]	86 responses
  [201]	51 responses
  [204]	21 responses



fractaled@Stephens-MacBook-Pro rubyconftw % hey -c 16 -z 10s -m POST https://demo.sqliteonrails.com/benchmarking/balanced

Summary:
  Total:	10.9496 secs
  Slowest:	8.6803 secs
  Fastest:	0.2397 secs
  Average:	0.8674 secs
  Requests/sec:	17.6262


Response time histogram:
  0.240 [1]	|
  1.084 [146]	|■■■■■■■■■■■■■■■■■■■■■■■■■■■■■■■■■■■■■■■■
  1.928 [38]	|■■■■■■■■■■
  2.772 [4]	|■
  3.616 [0]	|
  4.460 [0]	|
  5.304 [0]	|
  6.148 [0]	|
  6.992 [0]	|
  7.836 [2]	|■
  8.680 [2]	|■


Latency distribution:
  10% in 0.2676 secs
  25% in 0.3732 secs
  50% in 0.5953 secs
  75% in 1.0462 secs
  90% in 1.3117 secs
  95% in 1.8917 secs
  99% in 8.6803 secs

Details (average, fastest, slowest):
  DNS+dialup:	0.0379 secs, 0.2397 secs, 8.6803 secs
  DNS-lookup:	0.0002 secs, 0.0000 secs, 0.0031 secs
  req write:	0.0000 secs, 0.0000 secs, 0.0001 secs
  resp wait:	0.8169 secs, 0.2394 secs, 8.6796 secs
  resp read:	0.0019 secs, 0.0000 secs, 0.2954 secs

Status code distribution:
  [200]	92 responses
  [201]	60 responses
  [204]	41 responses



fractaled@Stephens-MacBook-Pro rubyconftw % hey -c 32 -z 10s -m POST https://demo.sqliteonrails.com/benchmarking/balanced

Summary:
  Total:	11.4964 secs
  Slowest:	10.9762 secs
  Fastest:	0.2345 secs
  Average:	1.4646 secs
  Requests/sec:	20.3542


Response time histogram:
  0.234 [1]	|
  1.309 [177]	|■■■■■■■■■■■■■■■■■■■■■■■■■■■■■■■■■■■■■■■■
  2.383 [33]	|■■■■■■■
  3.457 [5]	|■
  4.531 [0]	|
  5.605 [0]	|
  6.680 [2]	|
  7.754 [0]	|
  8.828 [0]	|
  9.902 [0]	|
  10.976 [16]	|■■■■


Latency distribution:
  10% in 0.2853 secs
  25% in 0.3539 secs
  50% in 0.5127 secs
  75% in 1.2892 secs
  90% in 2.4855 secs
  95% in 10.3791 secs
  99% in 10.9458 secs

Details (average, fastest, slowest):
  DNS+dialup:	0.0629 secs, 0.2345 secs, 10.9762 secs
  DNS-lookup:	0.0003 secs, 0.0000 secs, 0.0026 secs
  req write:	0.0000 secs, 0.0000 secs, 0.0004 secs
  resp wait:	1.3964 secs, 0.2343 secs, 10.4840 secs
  resp read:	0.0019 secs, 0.0000 secs, 0.2189 secs

Status code distribution:
  [200]	132 responses
  [201]	72 responses
  [204]	30 responses



fractaled@Stephens-MacBook-Pro rubyconftw % hey -c 64 -z 10s -m POST https://demo.sqliteonrails.com/benchmarking/balanced

Summary:
  Total:	12.3888 secs
  Slowest:	12.3874 secs
  Fastest:	0.2356 secs
  Average:	2.9861 secs
  Requests/sec:	19.6953


Response time histogram:
  0.236 [1]	|
  1.451 [125]	|■■■■■■■■■■■■■■■■■■■■■■■■■■■■■■■■■■■■■■■■
  2.666 [16]	|■■■■■
  3.881 [45]	|■■■■■■■■■■■■■■
  5.096 [24]	|■■■■■■■■
  6.312 [1]	|
  7.527 [0]	|
  8.742 [0]	|
  9.957 [0]	|
  11.172 [3]	|■
  12.387 [29]	|■■■■■■■■■


Latency distribution:
  10% in 0.2863 secs
  25% in 0.3837 secs
  50% in 1.1793 secs
  75% in 3.7892 secs
  90% in 11.5179 secs
  95% in 11.9816 secs
  99% in 12.1737 secs

Details (average, fastest, slowest):
  DNS+dialup:	0.1263 secs, 0.2356 secs, 12.3874 secs
  DNS-lookup:	0.0007 secs, 0.0000 secs, 0.0044 secs
  req write:	0.0000 secs, 0.0000 secs, 0.0006 secs
  resp wait:	2.8485 secs, 0.2355 secs, 11.8393 secs
  resp read:	0.0010 secs, 0.0000 secs, 0.0975 secs

Status code distribution:
  [200]	115 responses
  [201]	81 responses
  [204]	48 responses



fractaled@Stephens-MacBook-Pro rubyconftw % hey -c 128 -z 10s -m POST https://demo.sqliteonrails.com/benchmarking/balanced

Summary:
  Total:	16.9952 secs
  Slowest:	16.9417 secs
  Fastest:	0.2356 secs
  Average:	6.3993 secs
  Requests/sec:	16.2987


Response time histogram:
  0.236 [1]	|
  1.906 [93]	|■■■■■■■■■■■■■■■■■■■■■■■■■■■■■■■■■■■■■■■■
  3.577 [34]	|■■■■■■■■■■■■■■■
  5.247 [53]	|■■■■■■■■■■■■■■■■■■■■■■■
  6.918 [0]	|
  8.589 [0]	|
  10.259 [0]	|
  11.930 [0]	|
  13.600 [22]	|■■■■■■■■■
  15.271 [39]	|■■■■■■■■■■■■■■■■■
  16.942 [35]	|■■■■■■■■■■■■■■■


Latency distribution:
  10% in 0.3380 secs
  25% in 0.7766 secs
  50% in 3.7157 secs
  75% in 13.8518 secs
  90% in 15.5685 secs
  95% in 16.2001 secs
  99% in 16.9200 secs

Details (average, fastest, slowest):
  DNS+dialup:	0.2322 secs, 0.2356 secs, 16.9417 secs
  DNS-lookup:	0.0016 secs, 0.0000 secs, 0.0069 secs
  req write:	0.0000 secs, 0.0000 secs, 0.0005 secs
  resp wait:	6.1582 secs, 0.2353 secs, 16.4027 secs
  resp read:	0.0025 secs, 0.0000 secs, 0.2982 secs

Status code distribution:
  [200]	147 responses
  [201]	84 responses
  [204]	46 responses



fractaled@Stephens-MacBook-Pro rubyconftw % hey -c 256 -z 10s -m POST https://demo.sqliteonrails.com/benchmarking/balanced

Summary:
  Total:	20.9944 secs
  Slowest:	19.9587 secs
  Fastest:	0.2349 secs
  Average:	9.5403 secs
  Requests/sec:	19.5290


Response time histogram:
  0.235 [1]	|
  2.207 [105]	|■■■■■■■■■■■■■■■■■■■■■■■■■■■■■■■■■■■■■■■■
  4.180 [23]	|■■■■■■■■■
  6.152 [28]	|■■■■■■■■■■■
  8.124 [27]	|■■■■■■■■■■
  10.097 [16]	|■■■■■■
  12.069 [25]	|■■■■■■■■■■
  14.042 [13]	|■■■■■
  16.014 [61]	|■■■■■■■■■■■■■■■■■■■■■■■
  17.986 [49]	|■■■■■■■■■■■■■■■■■■■
  19.959 [54]	|■■■■■■■■■■■■■■■■■■■■■


Latency distribution:
  10% in 0.2980 secs
  25% in 0.6615 secs
  50% in 10.1533 secs
  75% in 16.1462 secs
  90% in 18.6154 secs
  95% in 19.2878 secs
  99% in 19.7936 secs

Details (average, fastest, slowest):
  DNS+dialup:	0.6553 secs, 0.2349 secs, 19.9587 secs
  DNS-lookup:	0.0033 secs, 0.0000 secs, 0.0093 secs
  req write:	0.0000 secs, 0.0000 secs, 0.0013 secs
  resp wait:	8.8683 secs, 0.2348 secs, 18.2660 secs
  resp read:	0.0092 secs, 0.0000 secs, 0.9220 secs

Status code distribution:
  [200]	215 responses
  [201]	129 responses
  [204]	58 responses

Error distribution:
  [8]	Post "https://demo.sqliteonrails.com/benchmarking/balanced": context deadline exceeded (Client.Timeout exceeded while awaiting headers)

fractaled@Stephens-MacBook-Pro rubyconftw % hey -c 256 -z 10s -m POST https://demo.sqliteonrails.com/benchmarking/balanced

Summary:
  Total:	20.9946 secs
  Slowest:	19.8900 secs
  Fastest:	0.2372 secs
  Average:	10.2245 secs
  Requests/sec:	18.0523


Response time histogram:
  0.237 [1]	|
  2.203 [123]	|■■■■■■■■■■■■■■■■■■■■■■■■■■■■■■■■■■■■■■■■
  4.168 [7]	|■■
  6.133 [3]	|■
  8.098 [1]	|
  10.064 [0]	|
  12.029 [19]	|■■■■■■
  13.994 [44]	|■■■■■■■■■■■■■■
  15.959 [59]	|■■■■■■■■■■■■■■■■■■■
  17.925 [53]	|■■■■■■■■■■■■■■■■■
  19.890 [55]	|■■■■■■■■■■■■■■■■■■


Latency distribution:
  10% in 0.4975 secs
  25% in 1.2168 secs
  50% in 13.0069 secs
  75% in 16.6410 secs
  90% in 18.3686 secs
  95% in 19.1382 secs
  99% in 19.3988 secs

Details (average, fastest, slowest):
  DNS+dialup:	0.3668 secs, 0.2372 secs, 19.8900 secs
  DNS-lookup:	0.0023 secs, 0.0000 secs, 0.0088 secs
  req write:	0.0000 secs, 0.0000 secs, 0.0022 secs
  resp wait:	9.8283 secs, 0.2370 secs, 19.2786 secs
  resp read:	0.0065 secs, 0.0000 secs, 1.1704 secs

Status code distribution:
  [200]	182 responses
  [201]	131 responses
  [204]	52 responses

Error distribution:
  [14]	Post "https://demo.sqliteonrails.com/benchmarking/balanced": context deadline exceeded (Client.Timeout exceeded while awaiting headers)

fractaled@Stephens-MacBook-Pro rubyconftw % hey -c 128 -z 10s -m POST https://demo.sqliteonrails.com/benchmarking/balanced

Summary:
  Total:	15.4221 secs
  Slowest:	15.4200 secs
  Fastest:	0.2399 secs
  Average:	5.7364 secs
  Requests/sec:	18.6097


Response time histogram:
  0.240 [1]	|
  1.758 [161]	|■■■■■■■■■■■■■■■■■■■■■■■■■■■■■■■■■■■■■■■■
  3.276 [6]	|■
  4.794 [0]	|
  6.312 [0]	|
  7.830 [1]	|
  9.348 [2]	|
  10.866 [3]	|■
  12.384 [36]	|■■■■■■■■■
  13.902 [38]	|■■■■■■■■■
  15.420 [39]	|■■■■■■■■■■


Latency distribution:
  10% in 0.3096 secs
  25% in 0.4623 secs
  50% in 1.0372 secs
  75% in 12.7063 secs
  90% in 14.0743 secs
  95% in 14.5235 secs
  99% in 15.2214 secs

Details (average, fastest, slowest):
  DNS+dialup:	0.2132 secs, 0.2399 secs, 15.4200 secs
  DNS-lookup:	0.0016 secs, 0.0000 secs, 0.0064 secs
  req write:	0.0000 secs, 0.0000 secs, 0.0007 secs
  resp wait:	5.4962 secs, 0.2397 secs, 14.6782 secs
  resp read:	0.0044 secs, 0.0000 secs, 0.5212 secs

Status code distribution:
  [200]	151 responses
  [201]	95 responses
  [204]	41 responses



fractaled@Stephens-MacBook-Pro rubyconftw % hey -c 64 -z 10s -m POST https://demo.sqliteonrails.com/benchmarking/balanced

Summary:
  Total:	14.0434 secs
  Slowest:	13.9205 secs
  Fastest:	0.2364 secs
  Average:	3.2515 secs
  Requests/sec:	16.7338


Response time histogram:
  0.236 [1]	|
  1.605 [176]	|■■■■■■■■■■■■■■■■■■■■■■■■■■■■■■■■■■■■■■■■
  2.973 [3]	|■
  4.342 [3]	|■
  5.710 [0]	|
  7.078 [0]	|
  8.447 [0]	|
  9.815 [0]	|
  11.184 [11]	|■■■
  12.552 [25]	|■■■■■■
  13.920 [16]	|■■■■


Latency distribution:
  10% in 0.2815 secs
  25% in 0.3931 secs
  50% in 0.7831 secs
  75% in 1.6074 secs
  90% in 12.4665 secs
  95% in 12.9337 secs
  99% in 13.9102 secs

Details (average, fastest, slowest):
  DNS+dialup:	0.1287 secs, 0.2364 secs, 13.9205 secs
  DNS-lookup:	0.0006 secs, 0.0000 secs, 0.0031 secs
  req write:	0.0000 secs, 0.0000 secs, 0.0002 secs
  resp wait:	3.1106 secs, 0.2351 secs, 13.3876 secs
  resp read:	0.0022 secs, 0.0000 secs, 0.2976 secs

Status code distribution:
  [200]	136 responses
  [201]	72 responses
  [204]	27 responses



fractaled@Stephens-MacBook-Pro rubyconftw % hey -c 32 -z 10s -m POST https://demo.sqliteonrails.com/benchmarking/balanced

Summary:
  Total:	12.1041 secs
  Slowest:	12.0927 secs
  Fastest:	0.2386 secs
  Average:	1.8165 secs
  Requests/sec:	16.1103


Response time histogram:
  0.239 [1]	|
  1.424 [157]	|■■■■■■■■■■■■■■■■■■■■■■■■■■■■■■■■■■■■■■■■
  2.609 [13]	|■■■
  3.795 [4]	|■
  4.980 [2]	|■
  6.166 [0]	|
  7.351 [0]	|
  8.536 [0]	|
  9.722 [0]	|
  10.907 [5]	|■
  12.093 [13]	|■■■


Latency distribution:
  10% in 0.2811 secs
  25% in 0.4133 secs
  50% in 0.7926 secs
  75% in 1.2945 secs
  90% in 3.9413 secs
  95% in 11.1513 secs
  99% in 12.0927 secs

Details (average, fastest, slowest):
  DNS+dialup:	0.0762 secs, 0.2386 secs, 12.0927 secs
  DNS-lookup:	0.0013 secs, 0.0000 secs, 0.0076 secs
  req write:	0.0000 secs, 0.0000 secs, 0.0002 secs
  resp wait:	1.7248 secs, 0.2381 secs, 11.5306 secs
  resp read:	0.0052 secs, 0.0000 secs, 0.8822 secs

Status code distribution:
  [200]	98 responses
  [201]	65 responses
  [204]	32 responses



fractaled@Stephens-MacBook-Pro rubyconftw % hey -c 16 -z 10s -m POST https://demo.sqliteonrails.com/benchmarking/balanced

Summary:
  Total:	10.9570 secs
  Slowest:	8.6092 secs
  Fastest:	0.2327 secs
  Average:	0.7367 secs
  Requests/sec:	20.6262


Response time histogram:
  0.233 [1]	|
  1.070 [184]	|■■■■■■■■■■■■■■■■■■■■■■■■■■■■■■■■■■■■■■■■
  1.908 [33]	|■■■■■■■
  2.746 [4]	|■
  3.583 [2]	|
  4.421 [0]	|
  5.259 [0]	|
  6.096 [0]	|
  6.934 [0]	|
  7.772 [0]	|
  8.609 [2]	|


Latency distribution:
  10% in 0.2539 secs
  25% in 0.2971 secs
  50% in 0.4574 secs
  75% in 0.9632 secs
  90% in 1.3336 secs
  95% in 1.6764 secs
  99% in 8.6022 secs

Details (average, fastest, slowest):
  DNS+dialup:	0.0333 secs, 0.2327 secs, 8.6092 secs
  DNS-lookup:	0.0001 secs, 0.0000 secs, 0.0017 secs
  req write:	0.0000 secs, 0.0000 secs, 0.0005 secs
  resp wait:	0.6993 secs, 0.2326 secs, 8.6090 secs
  resp read:	0.0040 secs, 0.0000 secs, 0.8080 secs

Status code distribution:
  [200]	103 responses
  [201]	71 responses
  [204]	51 responses
  [500]	1 responses



fractaled@Stephens-MacBook-Pro rubyconftw % hey -c 8 -z 10s -m POST https://demo.sqliteonrails.com/benchmarking/balanced

Summary:
  Total:	10.2140 secs
  Slowest:	1.6379 secs
  Fastest:	0.2376 secs
  Average:	0.4603 secs
  Requests/sec:	17.2313


Response time histogram:
  0.238 [1]	|■
  0.378 [77]	|■■■■■■■■■■■■■■■■■■■■■■■■■■■■■■■■■■■■■■■■
  0.518 [48]	|■■■■■■■■■■■■■■■■■■■■■■■■■
  0.658 [18]	|■■■■■■■■■
  0.798 [19]	|■■■■■■■■■■
  0.938 [7]	|■■■■
  1.078 [2]	|■
  1.218 [2]	|■
  1.358 [0]	|
  1.498 [1]	|■
  1.638 [1]	|■


Latency distribution:
  10% in 0.2631 secs
  25% in 0.2977 secs
  50% in 0.3918 secs
  75% in 0.5582 secs
  90% in 0.7725 secs
  95% in 0.9143 secs
  99% in 1.6379 secs

Details (average, fastest, slowest):
  DNS+dialup:	0.0239 secs, 0.2376 secs, 1.6379 secs
  DNS-lookup:	0.0001 secs, 0.0000 secs, 0.0014 secs
  req write:	0.0000 secs, 0.0000 secs, 0.0004 secs
  resp wait:	0.4360 secs, 0.2375 secs, 1.0960 secs
  resp read:	0.0003 secs, 0.0000 secs, 0.0048 secs

Status code distribution:
  [200]	76 responses
  [201]	67 responses
  [204]	33 responses



fractaled@Stephens-MacBook-Pro rubyconftw % hey -c 4 -z 10s -m POST https://demo.sqliteonrails.com/benchmarking/balanced

Summary:
  Total:	10.9257 secs
  Slowest:	1.5713 secs
  Fastest:	0.2394 secs
  Average:	0.4039 secs
  Requests/sec:	9.3358


Response time histogram:
  0.239 [1]	|■
  0.373 [57]	|■■■■■■■■■■■■■■■■■■■■■■■■■■■■■■■■■■■■■■■■
  0.506 [23]	|■■■■■■■■■■■■■■■■
  0.639 [10]	|■■■■■■■
  0.772 [5]	|■■■■
  0.905 [0]	|
  1.039 [3]	|■■
  1.172 [1]	|■
  1.305 [0]	|
  1.438 [0]	|
  1.571 [2]	|■


Latency distribution:
  10% in 0.2492 secs
  25% in 0.2621 secs
  50% in 0.3283 secs
  75% in 0.4461 secs
  90% in 0.6539 secs
  95% in 0.9158 secs
  99% in 1.5713 secs

Details (average, fastest, slowest):
  DNS+dialup:	0.0197 secs, 0.2394 secs, 1.5713 secs
  DNS-lookup:	0.0001 secs, 0.0000 secs, 0.0015 secs
  req write:	0.0001 secs, 0.0000 secs, 0.0003 secs
  resp wait:	0.3813 secs, 0.2392 secs, 1.0581 secs
  resp read:	0.0028 secs, 0.0000 secs, 0.2240 secs

Status code distribution:
  [200]	54 responses
  [201]	35 responses
  [204]	13 responses



fractaled@Stephens-MacBook-Pro rubyconftw % hey -c 2 -z 10s -m POST https://demo.sqliteonrails.com/benchmarking/balanced

Summary:
  Total:	10.0015 secs
  Slowest:	0.9676 secs
  Fastest:	0.2409 secs
  Average:	0.3226 secs
  Requests/sec:	6.1991


Response time histogram:
  0.241 [1]	|■
  0.314 [43]	|■■■■■■■■■■■■■■■■■■■■■■■■■■■■■■■■■■■■■■■■
  0.386 [9]	|■■■■■■■■
  0.459 [4]	|■■■■
  0.532 [2]	|■■
  0.604 [0]	|
  0.677 [0]	|
  0.750 [0]	|
  0.822 [1]	|■
  0.895 [0]	|
  0.968 [2]	|■■


Latency distribution:
  10% in 0.2448 secs
  25% in 0.2478 secs
  50% in 0.2639 secs
  75% in 0.3627 secs
  90% in 0.4324 secs
  95% in 0.7981 secs
  0% in 0.0000 secs

Details (average, fastest, slowest):
  DNS+dialup:	0.0146 secs, 0.2409 secs, 0.9676 secs
  DNS-lookup:	0.0001 secs, 0.0000 secs, 0.0016 secs
  req write:	0.0001 secs, 0.0000 secs, 0.0002 secs
  resp wait:	0.3070 secs, 0.2407 secs, 0.7979 secs
  resp read:	0.0008 secs, 0.0000 secs, 0.0073 secs

Status code distribution:
  [200]	34 responses
  [201]	19 responses
  [204]	9 responses



fractaled@Stephens-MacBook-Pro rubyconftw % hey -c 1 -z 10s -m POST https://demo.sqliteonrails.com/benchmarking/balanced

Summary:
  Total:	10.0511 secs
  Slowest:	1.0444 secs
  Fastest:	0.2464 secs
  Average:	0.3242 secs
  Requests/sec:	3.0842


Response time histogram:
  0.246 [1]	|■■
  0.326 [23]	|■■■■■■■■■■■■■■■■■■■■■■■■■■■■■■■■■■■■■■■■
  0.406 [4]	|■■■■■■■
  0.486 [0]	|
  0.566 [1]	|■■
  0.645 [0]	|
  0.725 [1]	|■■
  0.805 [0]	|
  0.885 [0]	|
  0.965 [0]	|
  1.044 [1]	|■■


Latency distribution:
  10% in 0.2525 secs
  25% in 0.2547 secs
  50% in 0.2666 secs
  75% in 0.3400 secs
  90% in 0.5516 secs
  95% in 1.0444 secs
  0% in 0.0000 secs

Details (average, fastest, slowest):
  DNS+dialup:	0.0156 secs, 0.2464 secs, 1.0444 secs
  DNS-lookup:	0.0001 secs, 0.0000 secs, 0.0017 secs
  req write:	0.0001 secs, 0.0000 secs, 0.0002 secs
  resp wait:	0.3080 secs, 0.2462 secs, 0.6553 secs
  resp read:	0.0004 secs, 0.0001 secs, 0.0050 secs

Status code distribution:
  [200]	15 responses
  [201]	13 responses
  [204]	3 responses



fractaled@Stephens-MacBook-Pro rubyconftw %
